apiVersion: apps/v1
kind: Deployment
metadata:
  labels:
    app.kubernetes.io/component: kustomize-controller
    app.kubernetes.io/instance: flux-system
    app.kubernetes.io/part-of: flux
    app.kubernetes.io/version: v2.0.0-rc.1
    control-plane: controller
  name: kustomize-controller
  namespace: flux-system
spec:
  progressDeadlineSeconds: 600
  replicas: 1
  revisionHistoryLimit: 10
  selector:
    matchLabels:
      app: kustomize-controller
  strategy:
    rollingUpdate:
      maxSurge: 25%
      maxUnavailable: 25%
    type: RollingUpdate
  template:
    metadata:
      annotations:
        prometheus.io/port: "8080"
        prometheus.io/scrape: "true"
      creationTimestamp: null
      labels:
        app: kustomize-controller
    spec:
      containers:
        - args:
            - --events-addr=
            - --watch-all-namespaces=true
            - --log-level=info
            - --log-encoding=json
            - --enable-leader-election
          env:
            - name: RUNTIME_NAMESPACE
              valueFrom:
                fieldRef:
                  apiVersion: v1
                  fieldPath: metadata.namespace
          image: ghcr.io/fluxcd/kustomize-controller:v1.0.0-rc.1
          imagePullPolicy: IfNotPresent
          livenessProbe:
            failureThreshold: 3
            httpGet:
              path: /healthz
              port: healthz
              scheme: HTTP
            periodSeconds: 10
            successThreshold: 1
            timeoutSeconds: 1
          name: manager
          ports:
            - containerPort: 8080
              name: http-prom
              protocol: TCP
            - containerPort: 9440
              name: healthz
              protocol: TCP
          readinessProbe:
            failureThreshold: 3
            httpGet:
              path: /readyz
              port: healthz
              scheme: HTTP
            periodSeconds: 10
            successThreshold: 1
            timeoutSeconds: 1
          resources:
            limits:
              cpu: "1"
              memory: "1Gi"
            requests:
              cpu: "100m"
              memory: "64Mi"
          securityContext:
            allowPrivilegeEscalation: false
            capabilities:
              drop:
                - ALL
            readOnlyRootFilesystem: true
            runAsNonRoot: true
            seccompProfile:
              type: RuntimeDefault
          terminationMessagePath: /dev/termination-log
          terminationMessagePolicy: File
          volumeMounts:
            - mountPath: /tmp
              name: temp
      dnsPolicy: ClusterFirst
      nodeSelector:
        kubernetes.io/os: linux
      restartPolicy: Always
      schedulerName: default-scheduler
      securityContext:
        fsGroup: 1337
      serviceAccount: kustomize-controller
      serviceAccountName: kustomize-controller
      terminationGracePeriodSeconds: 60
      volumes:
        - emptyDir: {}
          name: temp
